******************************************************************************
                  TI ARM Linker PC v20.2.2                     
******************************************************************************
>> Linked Mon Apr 29 19:12:10 2024

OUTPUT FILE NAME:   <BLUETOOTH_STEPPER_L293D.out>
ENTRY POINT SYMBOL: "_c_int00_noargs"  address: 00001e35


MEMORY CONFIGURATION

         name            origin    length      used     unused   attr    fill
----------------------  --------  ---------  --------  --------  ----  --------
  FLASH                 00000000   00040000  00002298  0003dd68  R  X
  SRAM                  20000000   00008000  0000022e  00007dd2  RW X


SEGMENT ALLOCATION MAP

run origin  load origin   length   init length attrs members
----------  ----------- ---------- ----------- ----- -------
00000000    00000000    00002298   00002298    r-x
  00000000    00000000    0000026c   0000026c    r-- .intvecs
  0000026c    0000026c    00001e58   00001e58    r-x .text
  000020c4    000020c4    0000019c   0000019c    r-- .const
  00002260    00002260    00000038   00000038    r-- .cinit
20000000    20000000    00000234   00000000    rw-
  20000000    20000000    00000200   00000000    rw- .stack
  20000200    20000200    0000001a   00000000    rw- .data
  20000220    20000220    00000014   00000000    rw- .bss


SECTION ALLOCATION MAP

 output                                  attributes/
section   page    origin      length       input sections
--------  ----  ----------  ----------   ----------------
.intvecs   0    00000000    0000026c     
                  00000000    0000026c     tm4c123gh6pm_startup_ccs.obj (.intvecs)

.text      0    0000026c    00001e58     
                  0000026c    000012d0     main.obj (.text)
                  0000153c    00000136     rtsv7M4_T_le_v4SPD16_eabi.lib : fd_div_t2.asm.obj (.text)
                  00001672    00000132     driverlib.lib : gpio.obj (.text:GPIOPadConfigSet)
                  000017a4    00000110                   : sysctl.obj (.text:SysCtlClockGet)
                  000018b4    000000fc     rtsv7M4_T_le_v4SPD16_eabi.lib : fd_mul_t2.asm.obj (.text)
                  000019b0    000000f4     driverlib.lib : sysctl.obj (.text:SysCtlClockSet)
                  00001aa4    0000009c     rtsv7M4_T_le_v4SPD16_eabi.lib : memcpy_t2.asm.obj (.text)
                  00001b40    00000068     driverlib.lib : interrupt.obj (.text:IntEnable)
                  00001ba8    00000068     rtsv7M4_T_le_v4SPD16_eabi.lib : copy_decompress_lzss.c.obj (.text:decompress:lzss:__TI_decompress_lzss)
                  00001c10    00000060     driverlib.lib : timer.obj (.text:TimerConfigure)
                  00001c70    00000048                   : gpio.obj (.text:GPIOPinConfigure)
                  00001cb8    00000046                   : uart.obj (.text:UARTConfigSetExpClk)
                  00001cfe    00000002     rtsv7M4_T_le_v4SPD16_eabi.lib : div0.asm.obj (.text)
                  00001d00    00000044                                   : autoinit.c.obj (.text:__TI_auto_init_nobinit_nopinit:__TI_auto_init_nobinit_nopinit)
                  00001d44    00000044                                   : fd_tou_t2.asm.obj (.text)
                  00001d88    00000040                                   : u_divt2.asm.obj (.text)
                  00001dc8    00000038     driverlib.lib : sysctl.obj (.text:SysCtlPeripheralPresent)
                  00001e00    00000034                   : sysctl.obj (.text:SysCtlPeripheralEnable)
                  00001e34    00000034     rtsv7M4_T_le_v4SPD16_eabi.lib : boot_cortex_m.c.obj (.text:_c_int00_noargs:_c_int00_noargs)
                  00001e68    0000002e                                   : i_tofd_t2.asm.obj (.text)
                  00001e96    0000002a     driverlib.lib : gpio.obj (.text:GPIODirModeSet)
                  00001ec0    00000022                   : pwm.obj (.text:PWMGenConfigure)
                  00001ee2    00000002     --HOLE-- [fill = 0]
                  00001ee4    00000020                   : uart.obj (.text:UARTDisable)
                  00001f04    00000020     rtsv7M4_T_le_v4SPD16_eabi.lib : u_tofd_t2.asm.obj (.text)
                  00001f24    0000001e     driverlib.lib : pwm.obj (.text:PWMPulseWidthSet)
                  00001f42    0000001c     rtsv7M4_T_le_v4SPD16_eabi.lib : copy_zero_init.c.obj (.text:decompress:ZI:__TI_zero_init_nomemset:__TI_zero_init_nomemset)
                  00001f5e    00000018     driverlib.lib : gpio.obj (.text:GPIOPinTypeGPIOOutput)
                  00001f76    00000002     --HOLE-- [fill = 0]
                  00001f78    00000018                   : timer.obj (.text:TimerDisable)
                  00001f90    00000014                   : sysctl.obj (.text:SysCtlPWMClockSet)
                  00001fa4    00000014                   : uart.obj (.text:UARTEnable)
                  00001fb8    00000012                   : gpio.obj (.text:GPIOPinTypePWM)
                  00001fca    00000012                   : gpio.obj (.text:GPIOPinTypeUART)
                  00001fdc    00000012                   : pwm.obj (.text:PWMOutputState)
                  00001fee    00000012                   : timer.obj (.text:TimerLoadSet)
                  00002000    00000010                   : interrupt.obj (.text:IntMasterEnable)
                  00002010    00000010                   : pwm.obj (.text:PWMGenPeriodSet)
                  00002020    0000000e                   : timer.obj (.text:TimerEnable)
                  0000202e    0000000e                   : uart.obj (.text:UARTCharGetNonBlocking)
                  0000203c    0000000e                   : uart.obj (.text:UARTCharsAvail)
                  0000204a    0000000e     rtsv7M4_T_le_v4SPD16_eabi.lib : copy_decompress_none.c.obj (.text:decompress:none:__TI_decompress_none)
                  00002058    0000000c     driverlib.lib : cpu.obj (.text:CPUcpsie)
                  00002064    0000000c                   : pwm.obj (.text:PWMGenEnable)
                  00002070    0000000c     tm4c123gh6pm_startup_ccs.obj (.text)
                  0000207c    0000000a     driverlib.lib : timer.obj (.text:TimerValueGet)
                  00002086    0000000a                   : uart.obj (.text:UARTCharGet)
                  00002090    0000000a                   : uart.obj (.text:UARTCharPut)
                  0000209a    0000000a                   : uart.obj (.text:UARTIntStatus)
                  000020a4    00000008                   : uart.obj (.text:UARTIntEnable)
                  000020ac    00000006                   : gpio.obj (.text:GPIOPinWrite)
                  000020b2    00000006                   : sysctl.obj (.text:SysCtlDelay)
                  000020b8    00000004                   : uart.obj (.text:UARTIntClear)
                  000020bc    00000004     rtsv7M4_T_le_v4SPD16_eabi.lib : pre_init.c.obj (.text:_system_pre_init)
                  000020c0    00000004                                   : exit.c.obj (.text:abort:abort)

.const     0    000020c4    0000019c     
                  000020c4    00000090     driverlib.lib : gpio.obj (.const:g_pui32GPIOBaseAddrs)
                  00002154    00000070                   : interrupt.obj (.const)
                  000021c4    0000006c                   : sysctl.obj (.const:g_pui32Xtals)
                  00002230    00000012     main.obj (.const:.string)
                  00002242    00000002     --HOLE-- [fill = 0]
                  00002244    0000000c     main.obj (.const:g_ui32UARTBase)
                  00002250    0000000c     main.obj (.const:g_ui32UARTPeriph)
                  0000225c    00000004     main.obj (.const)

.cinit     0    00002260    00000038     
                  00002260    00000012     (.cinit..data.load) [load image, compression = lzss]
                  00002272    00000002     --HOLE-- [fill = 0]
                  00002274    0000000c     (__TI_handler_table)
                  00002280    00000008     (.cinit..bss.load) [load image, compression = zero_init]
                  00002288    00000010     (__TI_cinit_table)

.init_array 
*          0    00000000    00000000     UNINITIALIZED

.data      0    20000200    0000001a     UNINITIALIZED
                  20000200    0000001a     main.obj (.data)

.bss       0    20000220    00000014     UNINITIALIZED
                  20000220    00000008     (.common:CARGA)
                  20000228    00000004     (.common:PWMCLOCK)
                  2000022c    00000004     (.common:RX)
                  20000230    00000004     (.common:ui32Status)

.stack     0    20000000    00000200     UNINITIALIZED
                  20000000    00000004     rtsv7M4_T_le_v4SPD16_eabi.lib : boot_cortex_m.c.obj (.stack)
                  20000004    000001fc     --HOLE--

__llvm_prf_cnts 
*          0    20000000    00000000     UNINITIALIZED

MODULE SUMMARY

       Module                         code   ro data   rw data
       ------                         ----   -------   -------
    .\
       main.obj                       4816   46        46     
       tm4c123gh6pm_startup_ccs.obj   12     620       0      
    +--+------------------------------+------+---------+---------+
       Total:                         4828   666       46     
                                                              
    ../driverlib.lib
       sysctl.obj                     650    108       0      
       gpio.obj                       486    144       0      
       interrupt.obj                  120    112       0      
       uart.obj                       192    0         0      
       timer.obj                      162    0         0      
       pwm.obj                        110    0         0      
       cpu.obj                        12     0         0      
    +--+------------------------------+------+---------+---------+
       Total:                         1732   364       0      
                                                              
    C:\ti\ccs1020\ccs\tools\compiler\ti-cgt-arm_20.2.2.LTS\lib\rtsv7M4_T_le_v4SPD16_eabi.lib
       fd_div_t2.asm.obj              310    0         0      
       fd_mul_t2.asm.obj              252    0         0      
       memcpy_t2.asm.obj              156    0         0      
       copy_decompress_lzss.c.obj     104    0         0      
       autoinit.c.obj                 68     0         0      
       fd_tou_t2.asm.obj              68     0         0      
       u_divt2.asm.obj                64     0         0      
       boot_cortex_m.c.obj            52     0         0      
       i_tofd_t2.asm.obj              46     0         0      
       u_tofd_t2.asm.obj              32     0         0      
       copy_zero_init.c.obj           28     0         0      
       copy_decompress_none.c.obj     14     0         0      
       exit.c.obj                     4      0         0      
       pre_init.c.obj                 4      0         0      
       div0.asm.obj                   2      0         0      
    +--+------------------------------+------+---------+---------+
       Total:                         1204   0         0      
                                                              
       Stack:                         0      0         512    
       Linker Generated:              0      54        0      
    +--+------------------------------+------+---------+---------+
       Grand Total:                   7764   1084      558    


LINKER GENERATED COPY TABLES

__TI_cinit_table @ 00002288 records: 2, size/record: 8, table size: 16
	.data: load addr=00002260, load size=00000012 bytes, run addr=20000200, run size=0000001a bytes, compression=lzss
	.bss: load addr=00002280, load size=00000008 bytes, run addr=20000220, run size=00000014 bytes, compression=zero_init


LINKER GENERATED HANDLER TABLE

__TI_handler_table @ 00002274 records: 3, size/record: 4, table size: 12
	index: 0, handler: __TI_decompress_lzss
	index: 1, handler: __TI_decompress_none
	index: 2, handler: __TI_zero_init


GLOBAL SYMBOLS: SORTED ALPHABETICALLY BY Name 

address   name                          
-------   ----                          
000020c1  C$$EXIT                       
20000220  CARGA                         
00002059  CPUcpsie                      
20000218  DIR                           
00000717  DelayMilisegundos             
000009d5  Down_Up                       
20000204  E_1                           
20000205  E_2                           
20000206  E_3                           
20000207  E_4                           
20000208  E_5                           
20000209  E_6                           
00001e97  GPIODirModeSet                
00001673  GPIOPadConfigSet              
00001c71  GPIOPinConfigure              
00001f5f  GPIOPinTypeGPIOOutput         
00001fb9  GPIOPinTypePWM                
00001fcb  GPIOPinTypeUART               
000020ad  GPIOPinWrite                  
00001b41  IntEnable                     
00002001  IntMasterEnable               
00000753  Llevar                        
0000092f  Out_In                        
20000228  PWMCLOCK                      
00001369  PWMConfig                     
00001ec1  PWMGenConfigure               
00002065  PWMGenEnable                  
00002011  PWMGenPeriodSet               
00001fdd  PWMOutputState                
00001f25  PWMPulseWidthSet              
2000022c  RX                            
00002071  ResetISR                      
20000210  SERV1                         
20000214  SERV2                         
000017a5  SysCtlClockGet                
000019b1  SysCtlClockSet                
000020b3  SysCtlDelay                   
00001f91  SysCtlPWMClockSet             
00001e01  SysCtlPeripheralEnable        
00001dc9  SysCtlPeripheralPresent       
000006f7  TerminalText                  
00001c11  TimerConfigure                
00001f79  TimerDisable                  
00002021  TimerEnable                   
00001fef  TimerLoadSet                  
0000207d  TimerValueGet                 
00000841  Traer                         
00002087  UARTCharGet                   
0000202f  UARTCharGetNonBlocking        
00002091  UARTCharPut                   
0000203d  UARTCharsAvail                
00001cb9  UARTConfigSetExpClk           
00001ee5  UARTDisable                   
00001fa5  UARTEnable                    
000020b9  UARTIntClear                  
000020a5  UARTIntEnable                 
00000a45  UARTIntHandler                
0000209b  UARTIntStatus                 
0000026d  UARTStdioConfig               
000003b3  UARTgetc                      
000002f9  UARTgets                      
000006d3  UARTprintf                    
000003d9  UARTvprintf                   
000002b3  UARTwrite                     
20000200  __STACK_END                   
00000200  __STACK_SIZE                  
20000200  __STACK_TOP                   
00002288  __TI_CINIT_Base               
00002298  __TI_CINIT_Limit              
00002274  __TI_Handler_Table_Base       
00002280  __TI_Handler_Table_Limit      
00001d01  __TI_auto_init_nobinit_nopinit
00001ba9  __TI_decompress_lzss          
0000204b  __TI_decompress_none          
ffffffff  __TI_pprof_out_hndl           
ffffffff  __TI_prof_data_size           
ffffffff  __TI_prof_data_start          
00000000  __TI_static_base__            
00001f43  __TI_zero_init_nomemset       
00001d45  __aeabi_d2uiz                 
0000153d  __aeabi_ddiv                  
000018b5  __aeabi_dmul                  
00001e69  __aeabi_i2d                   
00001cff  __aeabi_idiv0                 
00001cff  __aeabi_ldiv0                 
00001aa5  __aeabi_memcpy                
00001aa5  __aeabi_memcpy4               
00001aa5  __aeabi_memcpy8               
00001f05  __aeabi_ui2d                  
00001d89  __aeabi_uidiv                 
00001d89  __aeabi_uidivmod              
ffffffff  __binit__                     
ffffffff  __c_args__                    
UNDEFED   __mpu_init                    
20000000  __stack                       
20000000  __start___llvm_prf_cnts       
20000000  __stop___llvm_prf_cnts        
00001e35  _c_int00_noargs               
UNDEFED   _system_post_cinit            
000020bd  _system_pre_init              
000020c1  abort                         
ffffffff  binit                         
00000000  g_pfnVectors                  
2000020c  i                             
00001431  main                          
00001aa5  memcpy                        
20000230  ui32Status                    


GLOBAL SYMBOLS: SORTED BY Symbol Address 

address   name                          
-------   ----                          
00000000  __TI_static_base__            
00000000  g_pfnVectors                  
00000200  __STACK_SIZE                  
0000026d  UARTStdioConfig               
000002b3  UARTwrite                     
000002f9  UARTgets                      
000003b3  UARTgetc                      
000003d9  UARTvprintf                   
000006d3  UARTprintf                    
000006f7  TerminalText                  
00000717  DelayMilisegundos             
00000753  Llevar                        
00000841  Traer                         
0000092f  Out_In                        
000009d5  Down_Up                       
00000a45  UARTIntHandler                
00001369  PWMConfig                     
00001431  main                          
0000153d  __aeabi_ddiv                  
00001673  GPIOPadConfigSet              
000017a5  SysCtlClockGet                
000018b5  __aeabi_dmul                  
000019b1  SysCtlClockSet                
00001aa5  __aeabi_memcpy                
00001aa5  __aeabi_memcpy4               
00001aa5  __aeabi_memcpy8               
00001aa5  memcpy                        
00001b41  IntEnable                     
00001ba9  __TI_decompress_lzss          
00001c11  TimerConfigure                
00001c71  GPIOPinConfigure              
00001cb9  UARTConfigSetExpClk           
00001cff  __aeabi_idiv0                 
00001cff  __aeabi_ldiv0                 
00001d01  __TI_auto_init_nobinit_nopinit
00001d45  __aeabi_d2uiz                 
00001d89  __aeabi_uidiv                 
00001d89  __aeabi_uidivmod              
00001dc9  SysCtlPeripheralPresent       
00001e01  SysCtlPeripheralEnable        
00001e35  _c_int00_noargs               
00001e69  __aeabi_i2d                   
00001e97  GPIODirModeSet                
00001ec1  PWMGenConfigure               
00001ee5  UARTDisable                   
00001f05  __aeabi_ui2d                  
00001f25  PWMPulseWidthSet              
00001f43  __TI_zero_init_nomemset       
00001f5f  GPIOPinTypeGPIOOutput         
00001f79  TimerDisable                  
00001f91  SysCtlPWMClockSet             
00001fa5  UARTEnable                    
00001fb9  GPIOPinTypePWM                
00001fcb  GPIOPinTypeUART               
00001fdd  PWMOutputState                
00001fef  TimerLoadSet                  
00002001  IntMasterEnable               
00002011  PWMGenPeriodSet               
00002021  TimerEnable                   
0000202f  UARTCharGetNonBlocking        
0000203d  UARTCharsAvail                
0000204b  __TI_decompress_none          
00002059  CPUcpsie                      
00002065  PWMGenEnable                  
00002071  ResetISR                      
0000207d  TimerValueGet                 
00002087  UARTCharGet                   
00002091  UARTCharPut                   
0000209b  UARTIntStatus                 
000020a5  UARTIntEnable                 
000020ad  GPIOPinWrite                  
000020b3  SysCtlDelay                   
000020b9  UARTIntClear                  
000020bd  _system_pre_init              
000020c1  C$$EXIT                       
000020c1  abort                         
00002274  __TI_Handler_Table_Base       
00002280  __TI_Handler_Table_Limit      
00002288  __TI_CINIT_Base               
00002298  __TI_CINIT_Limit              
20000000  __stack                       
20000000  __start___llvm_prf_cnts       
20000000  __stop___llvm_prf_cnts        
20000200  __STACK_END                   
20000200  __STACK_TOP                   
20000204  E_1                           
20000205  E_2                           
20000206  E_3                           
20000207  E_4                           
20000208  E_5                           
20000209  E_6                           
2000020c  i                             
20000210  SERV1                         
20000214  SERV2                         
20000218  DIR                           
20000220  CARGA                         
20000228  PWMCLOCK                      
2000022c  RX                            
20000230  ui32Status                    
ffffffff  __TI_pprof_out_hndl           
ffffffff  __TI_prof_data_size           
ffffffff  __TI_prof_data_start          
ffffffff  __binit__                     
ffffffff  __c_args__                    
ffffffff  binit                         
UNDEFED   __mpu_init                    
UNDEFED   _system_post_cinit            

[107 symbols]
